// Vitest Snapshot v1, https://vitest.dev/guide/snapshot.html

exports[`Test Notification Page > Should Render Notification Page 1`] = `<div />`;
